[biancatrink.github.io/index.html]
[backblue.gif]
[fade.gif]
[index.html]
[biancatrink.github.io/assets/img/favicon.ico]
[biancatrink.github.io/css/styles.css]
[biancatrink.github.io/assets/img/profile.jpg]
[biancatrink.github.io/files/MyCV.pdf]
[biancatrink.github.io/files/papers/TOSEM2021.pdf]
[biancatrink.github.io/files/papers/TSE2021.pdf]
[biancatrink.github.io/files/papers/JISA2021.pdf]
[biancatrink.github.io/files/papers/IST2021.7.delayed]
[biancatrink.github.io/files/papers/iSys.pdf]
[biancatrink.github.io/files/papers/ICSESEIS2022-Ericsson.pdf]
[biancatrink.github.io/files/papers/ICSESEIS2022-ASF.pdf]
[biancatrink.github.io/files/papers/SBSI2021.pdf]
[biancatrink.github.io/files/papers/ICSE2021.pdf]
[biancatrink.github.io/files/papers/MSR2021.pdf]
[biancatrink.github.io/files/papers/CSCW2020.pdf]
[biancatrink.github.io/files/papers/OPENSYM2020.pdf]
[biancatrink.github.io/files/papers/PROFES2019.pdf]
[biancatrink.github.io/files/papers/SBQS2019.pdf]
[biancatrink.github.io/files/papers/ESEM2018.pdf]
[biancatrink.github.io/files/papers/ESEM2017.pdf]
[biancatrink.github.io/files/papers/PROFES2015.pdf]
[biancatrink.github.io/files/papers/SBQS2015.pdf]
[biancatrink.github.io/files/papers/SEKE2015.pdf]
[biancatrink.github.io/files/papers/ICEIS_EC2015.pdf]
[biancatrink.github.io/files/papers/ICEIS_MS2015.pdf]
[biancatrink.github.io/files/papers/ICSE_DS2021.pdf]
[biancatrink.github.io/files/papers/ICSE_SC2021.pdf]
[biancatrink.github.io/files/papers/CTDQS2017.pdf]
[biancatrink.github.io/files/papers/WAMPS_2014.pdf]
[biancatrink.github.io/files/slides/OFE - Pots of Gold - What is Success for OSS Contributors.pdf]
[biancatrink.github.io/js/scripts.js]
[biancatrink.github.io/index.html]
[biancatrink.github.io/css/styles.css]
[biancatrink.github.io/files/papers/IST2021.html]
[biancatrink.github.io/files/papers/ICEIS_EC2015.html]
[biancatrink.github.io/files/papers/WAMPS_2014.html]
